___SNAPSHOT___ Describe esops() minimal features | Given canceling prompt to override: should not override files

{
  "has-been-overwritten": false
}
