___SNAPSHOT___ Describe esops() minimal features | Given a minimal package with package.json: should generate basic template in cwd

[
  ".gitignore",
  ".vscode",
  ".vscode/settings.json",
  "infrastructure",
  "infrastructure/.vscode",
  "infrastructure/.vscode/settings.json",
  "infrastructure/src",
  "infrastructure/src/stores",
  "infrastructure/src/stores/stores-architecture.md",
  "infrastructure/tsconfig.json",
  "package.json",
  "src",
  "src/stores",
  "src/stores/stores-architecture.md",
  "tsconfig.json"
]