___SNAPSHOT___ Describe esops() minimal features | Given no to override: should not override files

{
  "has-been-overwritten": false
}
