___SNAPSHOT___ Describe esops() minimal features | Given yes to override: should override files

{
  "has-been-overwritten": true
}
