___SNAPSHOT___ Describe esops() minimal features | Given an invalid config object: should throw a friendly error

TypeError: Your stack definition is invalid.
Please add a a valid stack config to `esops.json` or `package.json`.

A valid stack config will be a path to a directory you want to copy from.

## How To
Esops works by adding a valid stack config to `esops.json` or `package.json`.

A valid stack config will be a path to a directory you want to copy from.

### Configure esops in `package.json` or `esops.json`

#### in `esops.json`

```json
["./infrastructure"]
```

#### in `package.json`

`{ "esops": "./infrastructure" }` or `{ "esops": ["./infrastructure"] }`

### Resolution Types

- _Filesystem:_ `['./infrastructure']`
- _Node Module:_ `['node:@myorg/my-stack/stack']`

### Run `esops`

If global, just run `esops`. If local, use `npx esops`. Files will be generated, and if you have a `.gitignore`, it will be updated to include the generated files.



