___SNAPSHOT___ Describe esops() minimal features | Given an included .gitignore: should have updated .gitignore with generated file paths


### ESOPS AUTO GENERATED BEGIN ###
/.vscode/settings.json
/src/stores/stores-architecture.md
/tsconfig.json
### ESOPS AUTO GENERATED END ###
