___SNAPSHOT___ Describe esops() minimal features | Given a minimal package.json and included .gitignore: should have updated .gitignore with generated paths


### ESOPS GITIGNORE AUTO GENERATED BEGIN ###
/.vscode/settings.json
/src/stores/stores-architecture.md
/tsconfig.json
### ESOPS GITIGNORE AUTO GENERATED END ###
