___SNAPSHOT___ Describe minimal stack with esops.json and fs path | Given a minimal package: should generate basic template in cwd

[
  ".gitignore",
  ".vscode",
  ".vscode/settings.json",
  "esops.json",
  "infrastructure",
  "infrastructure/.vscode",
  "infrastructure/.vscode/settings.json",
  "infrastructure/src",
  "infrastructure/src/stores",
  "infrastructure/src/stores/stores-architecture.md",
  "infrastructure/tsconfig.json",
  "src",
  "src/stores",
  "src/stores/stores-architecture.md",
  "tsconfig.json"
]