___SNAPSHOT___ Describe A minimal package | Given a minimal package: should have updated gitignore with generated file paths ___


### ESOPS GITIGNORE AUTO GENERATED BEGIN ###
/.vscode/settings.json
/src/stores/stores-architecture.md
/tsconfig.json
### ESOPS GITIGNORE AUTO GENERATED END ###
