module.exports[`Describe esops() minimal features | Given a minimal package with no extra files: should generate basic template in cwd`] = `

[
  ".vscode",
  ".vscode/settings.json",
  "esops.json",
  "infrastructure",
  "infrastructure/.vscode",
  "infrastructure/.vscode/settings.json",
  "infrastructure/src",
  "infrastructure/src/stores",
  "infrastructure/src/stores/stores-architecture.md",
  "infrastructure/tsconfig.json",
  "src",
  "src/stores",
  "src/stores/stores-architecture.md",
  "tsconfig.json"
]`

