module.exports[`Describe esops react native typescript | Given esops_react_native_typescript: should generate correct files`] = `

[
  ".buckconfig",
  ".flowconfig",
  ".gitattributes",
  ".gitignore",
  ".watchmanconfig",
  "App.js",
  "__tests__",
  "__tests__/App-test.js",
  "android",
  "android/app",
  "android/app/BUCK",
  "android/app/build.gradle",
  "android/app/build_defs.bzl",
  "android/app/proguard-rules.pro",
  "android/app/src",
  "android/app/src/debug",
  "android/app/src/debug/AndroidManifest.xml",
  "android/app/src/main",
  "android/app/src/main/AndroidManifest.xml",
  "android/app/src/main/java",
  "android/app/src/main/java/com",
  "android/app/src/main/java/com/testproject",
  "android/app/src/main/java/com/testproject/MainActivity.java",
  "android/app/src/main/java/com/testproject/MainApplication.java",
  "android/app/src/main/res",
  "android/app/src/main/res/mipmap-hdpi",
  "android/app/src/main/res/mipmap-hdpi/ic_launcher.png",
  "android/app/src/main/res/mipmap-hdpi/ic_launcher_round.png",
  "android/app/src/main/res/mipmap-mdpi",
  "android/app/src/main/res/mipmap-mdpi/ic_launcher.png",
  "android/app/src/main/res/mipmap-mdpi/ic_launcher_round.png",
  "android/app/src/main/res/mipmap-xhdpi",
  "android/app/src/main/res/mipmap-xhdpi/ic_launcher.png",
  "android/app/src/main/res/mipmap-xhdpi/ic_launcher_round.png",
  "android/app/src/main/res/mipmap-xxhdpi",
  "android/app/src/main/res/mipmap-xxhdpi/ic_launcher.png",
  "android/app/src/main/res/mipmap-xxhdpi/ic_launcher_round.png",
  "android/app/src/main/res/mipmap-xxxhdpi",
  "android/app/src/main/res/mipmap-xxxhdpi/ic_launcher.png",
  "android/app/src/main/res/mipmap-xxxhdpi/ic_launcher_round.png",
  "android/app/src/main/res/values",
  "android/app/src/main/res/values/strings.xml",
  "android/app/src/main/res/values/styles.xml",
  "android/build.gradle",
  "android/gradle",
  "android/gradle.properties",
  "android/gradle/wrapper",
  "android/gradle/wrapper/gradle-wrapper.jar",
  "android/gradle/wrapper/gradle-wrapper.properties",
  "android/gradlew",
  "android/gradlew.bat",
  "android/keystores",
  "android/keystores/BUCK",
  "android/keystores/debug.keystore.properties",
  "android/settings.gradle",
  "app.json",
  "babel.config.js",
  "index.js",
  "ios",
  "ios/TestProject",
  "ios/TestProject-tvOS",
  "ios/TestProject-tvOS/Info.plist",
  "ios/TestProject-tvOSTests",
  "ios/TestProject-tvOSTests/Info.plist",
  "ios/TestProject.xcodeproj",
  "ios/TestProject.xcodeproj/project.pbxproj",
  "ios/TestProject.xcodeproj/xcshareddata",
  "ios/TestProject.xcodeproj/xcshareddata/xcschemes",
  "ios/TestProject.xcodeproj/xcshareddata/xcschemes/TestProject-tvOS.xcscheme",
  "ios/TestProject.xcodeproj/xcshareddata/xcschemes/TestProject.xcscheme",
  "ios/TestProject/AppDelegate.h",
  "ios/TestProject/AppDelegate.m",
  "ios/TestProject/Base.lproj",
  "ios/TestProject/Base.lproj/LaunchScreen.xib",
  "ios/TestProject/Images.xcassets",
  "ios/TestProject/Images.xcassets/AppIcon.appiconset",
  "ios/TestProject/Images.xcassets/AppIcon.appiconset/Contents.json",
  "ios/TestProject/Images.xcassets/Contents.json",
  "ios/TestProject/Info.plist",
  "ios/TestProject/main.m",
  "ios/TestProjectTests",
  "ios/TestProjectTests/Info.plist",
  "ios/TestProjectTests/TestProjectTests.m",
  "metro.config.js",
  "package.json",
  "yarn.lock"
]`

module.exports[`Describe esops react native typescript | Given esops_react_native_typescript: should generate correct package.json`] = `

{
  "name": "TestProject",
  "version": "0.0.1",
  "private": true,
  "scripts": {
    "start": "node node_modules/react-native/local-cli/cli.js start",
    "test": "jest"
  },
  "dependencies": {
    "react": "16.8.3",
    "react-native": "0.59.8"
  },
  "devDependencies": {
    "@babel/core": "^7.4.4",
    "@babel/runtime": "^7.4.4",
    "babel-jest": "^24.8.0",
    "jest": "^24.8.0",
    "metro-react-native-babel-preset": "^0.54.1",
    "react-test-renderer": "16.8.3"
  },
  "jest": {
    "preset": "react-native"
  }
}
`

module.exports[`Describe esops react native typescript | Given esops_react_native_typescript: should generate correct .gitignore`] = `

# OSX
#
.DS_Store

# Xcode
#
build/
*.pbxuser
!default.pbxuser
*.mode1v3
!default.mode1v3
*.mode2v3
!default.mode2v3
*.perspectivev3
!default.perspectivev3
xcuserdata
*.xccheckout
*.moved-aside
DerivedData
*.hmap
*.ipa
*.xcuserstate
project.xcworkspace

# Android/IntelliJ
#
build/
.idea
.gradle
local.properties
*.iml

# node.js
#
node_modules/
npm-debug.log
yarn-error.log

# BUCK
buck-out/
\.buckd/
*.keystore

# fastlane
#
# It is recommended to not store the screenshots in the git repo. Instead, use fastlane to re-generate the
# screenshots whenever they are needed.
# For more information about the recommended setup visit:
# https://docs.fastlane.tools/best-practices/source-control/

*/fastlane/report.xml
*/fastlane/Preview.html
*/fastlane/screenshots

# Bundle artifact
*.jsbundle

### ESOPS AUTO GENERATED BEGIN ###
/.buckconfig
/.flowconfig
/.gitattributes
/.watchmanconfig
/App.js
/__tests__/App-test.js
/android/app/BUCK
/android/app/build.gradle
/android/app/build_defs.bzl
/android/app/proguard-rules.pro
/android/app/src/debug/AndroidManifest.xml
/android/app/src/main/AndroidManifest.xml
/android/app/src/main/java/com/testproject/MainActivity.java
/android/app/src/main/java/com/testproject/MainApplication.java
/android/app/src/main/res/mipmap-hdpi/ic_launcher.png
/android/app/src/main/res/mipmap-hdpi/ic_launcher_round.png
/android/app/src/main/res/mipmap-mdpi/ic_launcher.png
/android/app/src/main/res/mipmap-mdpi/ic_launcher_round.png
/android/app/src/main/res/mipmap-xhdpi/ic_launcher.png
/android/app/src/main/res/mipmap-xhdpi/ic_launcher_round.png
/android/app/src/main/res/mipmap-xxhdpi/ic_launcher.png
/android/app/src/main/res/mipmap-xxhdpi/ic_launcher_round.png
/android/app/src/main/res/mipmap-xxxhdpi/ic_launcher.png
/android/app/src/main/res/mipmap-xxxhdpi/ic_launcher_round.png
/android/app/src/main/res/values/strings.xml
/android/app/src/main/res/values/styles.xml
/android/build.gradle
/android/gradle.properties
/android/gradle/wrapper/gradle-wrapper.jar
/android/gradle/wrapper/gradle-wrapper.properties
/android/gradlew
/android/gradlew.bat
/android/keystores/BUCK
/android/keystores/debug.keystore.properties
/android/settings.gradle
/app.json
/babel.config.js
/index.js
/ios/TestProject-tvOS/Info.plist
/ios/TestProject-tvOSTests/Info.plist
/ios/TestProject.xcodeproj/project.pbxproj
/ios/TestProject.xcodeproj/xcshareddata/xcschemes/TestProject-tvOS.xcscheme
/ios/TestProject.xcodeproj/xcshareddata/xcschemes/TestProject.xcscheme
/ios/TestProject/AppDelegate.h
/ios/TestProject/AppDelegate.m
/ios/TestProject/Base.lproj/LaunchScreen.xib
/ios/TestProject/Images.xcassets/AppIcon.appiconset/Contents.json
/ios/TestProject/Images.xcassets/Contents.json
/ios/TestProject/Info.plist
/ios/TestProject/main.m
/ios/TestProjectTests/Info.plist
/ios/TestProjectTests/TestProjectTests.m
/metro.config.js
/package.json
/yarn.lock
### ESOPS AUTO GENERATED END ###
`

