module.exports[`Describe esops() node+npm features | Given an included .npmignore: should have updated .npmignore with generated file paths`] = `

/src/**
### ESOPS AUTO GENERATED BEGIN ###
/.vscode/settings.json
/src/stores/stores-architecture.md
/tsconfig.json
### ESOPS AUTO GENERATED END ###
`

