module.exports[`Describe esops() no config found | Given no config found: should provide a friendly message on how to use esops`] = `

TypeError: No esops.json found at /current/working/directory

 ••• 
## How To
Esops works by adding a valid stack config to \`esops.json\` or \`package.json\`.

A valid stack config will be a path to a directory you want to copy from.

### Configure esops in \`package.json\` or \`esops.json\`

#### in \`esops.json\`

\`\`\`json
"node:@my-org/my-stack/stack"
\`\`\`

#### in \`package.json\`

\`{ "esops": "node:@my-org/my-stack/stack" }\`

### Resolution Types

- _Filesystem:_ \`'./infrastructure'\`
- _Node Module:_ \`'node:@my-org/my-stack/stack'\`

### Run \`esops\`

If global, just run \`esops\`. If local, use \`npx esops\`. Files will be generated, and if you have a \`.gitignore\`, it will be updated to include the generated files.

`

